#-----------------------------------------------------------
# Vivado v2016.3 (64-bit)
# SW Build 1682563 on Mon Oct 10 19:07:27 MDT 2016
# IP Build 1681267 on Mon Oct 10 21:28:31 MDT 2016
# Start of session at: Fri May 12 17:24:51 2017
# Process ID: 8136
# Current directory: C:/svn/01_mcu/vivado
# Command line: vivado.exe -gui_launcher_event rodinguilauncherevent12404 C:\svn\01_mcu\vivado\mcu.xpr
# Log file: C:/svn/01_mcu/vivado/vivado.log
# Journal file: C:/svn/01_mcu/vivado\vivado.jou
#-----------------------------------------------------------
start_gui
open_project C:/svn/01_mcu/vivado/mcu.xpr
import_files C:/svn/01_mcu/vhdl/fmc_top.vhd
file mkdir C:/svn/01_mcu/vivado/mcu.srcs/sources_1/new
close [ open C:/svn/01_mcu/vivado/mcu.srcs/sources_1/new/i_fmc_chn.vhd w ]
add_files C:/svn/01_mcu/vivado/mcu.srcs/sources_1/new/i_fmc_chn.vhd
remove_files  C:/svn/01_mcu/vivado/mcu.srcs/sources_1/new/i_fmc_chn.vhd
close [ open C:/svn/01_mcu/vivado/mcu.srcs/sources_1/new/fmc_chn.vhd w ]
add_files C:/svn/01_mcu/vivado/mcu.srcs/sources_1/new/fmc_chn.vhd
